// Jest Snapshot v1, https://goo.gl/fbAQLP

exports[`RESTy Container should render RESTy App components on page 1`] = `
<div
  aria-label="response"
  class="response-div"
  role="response"
>
  <div
    class="react-json-view"
    style="font-family: monospace; cursor: default; background-color: rgba(0, 0, 0, 0); position: relative;"
  >
    <div
      class="pretty-json-container object-container"
    >
      <div
        class="object-content"
      >
        <div
          class="object-key-val"
        >
          <span>
            <span
              style="display: inline-block; cursor: pointer;"
            >
              <div
                class="icon-container"
                style="display: inline-block; width: 17px;"
              >
                <span
                  class="expanded-icon"
                >
                  <svg
                    fill="currentColor"
                    style="vertical-align: top; color: rgb(88, 110, 117); height: 1em; width: 1em; padding-left: 2px;"
                    viewBox="0 0 15 15"
                  >
                    <path
                      d="M0 5l6 6 6-6z"
                    />
                  </svg>
                </span>
              </div>
              <span
                style="display: inline-block; color: rgb(0, 43, 54); letter-spacing: 0.5px; font-style: none; vertical-align: top; opacity: 0.85;"
              >
                <span
                  class="object-key"
                >
                  <span
                    style="vertical-align: top;"
                  >
                    "
                  </span>
                  <span>
                    root
                  </span>
                  <span
                    style="vertical-align: top;"
                  >
                    "
                  </span>
                </span>
                <span
                  style="display: inline-block; margin: 0px 5px; color: rgb(0, 43, 54); vertical-align: top;"
                >
                  :
                </span>
              </span>
              <span
                style="display: inline-block; cursor: pointer; font-weight: bold; color: rgb(0, 43, 54);"
              >
                {
              </span>
            </span>
            <div
              class="object-meta-data"
              style="display: inline-block; padding: 0px 0px 0px 10px;"
            >
              <span
                class="object-size"
                style="color: rgba(0, 0, 0, 0.3); border-radius: 3px; font-style: italic; margin: 0px 6px 0px 0px; cursor: default;"
              >
                1
                 item
                
              </span>
            </div>
          </span>
          <div
            class="pushed-content object-container"
          >
            <div
              class="object-content"
              style="margin-left: 6px;"
            >
              <div
                class="variable-row"
                style="border-left: 1px solid rgb(235, 235, 235); padding: 3px 5px 3px 20px;"
              >
                <span>
                  <span
                    class="object-key"
                    style="display: inline-block; color: rgb(0, 43, 54); letter-spacing: 0.5px; font-style: none; vertical-align: top; opacity: 0.85;"
                  >
                    <span
                      style="vertical-align: top;"
                    >
                      "
                    </span>
                    <span
                      style="display: inline-block;"
                    >
                      Fetch Me!
                    </span>
                    <span
                      style="vertical-align: top;"
                    >
                      "
                    </span>
                  </span>
                  <span
                    style="display: inline-block; margin: 0px 5px; color: rgb(0, 43, 54); vertical-align: top;"
                  >
                    :
                  </span>
                </span>
                <div
                  class="variable-value"
                  style="display: inline-block; padding-right: 6px; position: relative; cursor: default;"
                >
                  <div
                    style="display: inline-block; color: rgb(203, 75, 22);"
                  >
                    <span
                      class="string-value"
                      style="cursor: default;"
                    >
                      "
                      Fetch Me Right Now!
                      "
                    </span>
                  </div>
                </div>
              </div>
            </div>
          </div>
          <span
            class="brace-row"
          >
            <span
              style="display: inline-block; cursor: pointer; font-weight: bold; color: rgb(0, 43, 54); padding-left: 3px;"
            >
              }
            </span>
          </span>
        </div>
      </div>
    </div>
  </div>
</div>
`;
